18:22:18 **** Incremental Build of configuration Debug for project CAN_Test2 ****
make -j22 all 
arm-none-eabi-gcc "../Core/Src/sys_can_recieve.c" -mcpu=cortex-m7 -std=gnu11 -g3 -DDEBUG -DUSE_HAL_DRIVER -DSTM32F767xx -c -I../Core/Inc -I../Drivers/STM32F7xx_HAL_Driver/Inc -I../Drivers/STM32F7xx_HAL_Driver/Inc/Legacy -I../Drivers/CMSIS/Device/ST/STM32F7xx/Include -I../Drivers/CMSIS/Include -O0 -ffunction-sections -fdata-sections -Wall -fstack-usage -fcyclomatic-complexity -MMD -MP -MF"Core/Src/sys_can_recieve.d" -MT"Core/Src/sys_can_recieve.o" --specs=nano.specs -mfpu=fpv5-d16 -mfloat-abi=hard -mthumb -o "Core/Src/sys_can_recieve.o"
../Core/Src/sys_can_recieve.c:50:13: warning: 'msg2_handler' defined but not used [-Wunused-function]
   50 | static void msg2_handler(can_data_t msg) {
      |             ^~~~~~~~~~~~
../Core/Src/sys_can_recieve.c:46:13: warning: 'msg1_handler' defined but not used [-Wunused-function]
   46 | static void msg1_handler(can_data_t msg) {
      |             ^~~~~~~~~~~~
arm-none-eabi-gcc -o "CAN_Test2.elf" @"objects.list"   -mcpu=cortex-m7 -T"C:\Users\corre\coding\can-test-1\CAN_Test2\STM32F767ZITX_FLASH.ld" --specs=nosys.specs -Wl,-Map="CAN_Test2.map" -Wl,--gc-sections -static --specs=nano.specs -mfpu=fpv5-d16 -mfloat-abi=hard -mthumb -Wl,--start-group -lc -lm -Wl,--end-group
Finished building target: CAN_Test2.elf
 
arm-none-eabi-size  CAN_Test2.elf 
arm-none-eabi-objdump -h -S CAN_Test2.elf  > "CAN_Test2.list"
   text	   data	    bss	    dec	    hex	filename
  17748	     20	   3084	  20852	   5174	CAN_Test2.elf
Finished building: default.size.stdout
 
Finished building: CAN_Test2.list
 

18:22:20 Build Finished. 0 errors, 2 warnings. (took 1s.340ms)

