22:59:17 **** Incremental Build of configuration Debug for project CAN_Test ****
make -j22 all 
arm-none-eabi-gcc "../Core/Src/main.c" -mcpu=cortex-m7 -std=gnu11 -g3 -DDEBUG -DUSE_HAL_DRIVER -DSTM32F767xx -c -I../Core/Inc -I../Drivers/STM32F7xx_HAL_Driver/Inc -I../Drivers/STM32F7xx_HAL_Driver/Inc/Legacy -I../Drivers/CMSIS/Device/ST/STM32F7xx/Include -I../Drivers/CMSIS/Include -O0 -ffunction-sections -fdata-sections -Wall -fstack-usage -fcyclomatic-complexity -MMD -MP -MF"Core/Src/main.d" -MT"Core/Src/main.o" --specs=nano.specs -mfpu=fpv5-d16 -mfloat-abi=hard -mthumb -o "Core/Src/main.o"
arm-none-eabi-gcc -o "CAN_Test.elf" @"objects.list"   -mcpu=cortex-m7 -T"C:\Users\corre\coding\can-test-1\CAN_Test\STM32F767ZITX_FLASH.ld" --specs=nosys.specs -Wl,-Map="CAN_Test.map" -Wl,--gc-sections -static --specs=nano.specs -mfpu=fpv5-d16 -mfloat-abi=hard -mthumb -Wl,--start-group -lc -lm -Wl,--end-group
Finished building target: CAN_Test.elf
 
arm-none-eabi-size  CAN_Test.elf 
arm-none-eabi-objdump -h -S CAN_Test.elf  > "CAN_Test.list"
   text	   data	    bss	    dec	    hex	filename
  13452	     12	   1780	  15244	   3b8c	CAN_Test.elf
Finished building: default.size.stdout
 
Finished building: CAN_Test.list
 

22:59:19 Build Finished. 0 errors, 0 warnings. (took 1s.887ms)

